RUN	simulations.efsSberratingWeb.SberratingWebSimulationSTUB	sberratingwebsimulationstub	1782721706200	none	3.9.5
USER	EfsSberrating	START	1782721709075
REQUEST	LoginWeb	first_login	1782721709121	1782721709433	OK	 
REQUEST	LoginWeb	settingsLogin	1782721709490	1782721709655	OK	 
REQUEST	LoginWeb	newsLogin	1782721709761	1782721709929	OK	 
REQUEST	LoginWeb	preLogin	1782721709935	1782721710134	OK	 
REQUEST	LoginWeb	login	1782721710149	1782721710379	OK	 
REQUEST	LoginWeb	create	1782721710385	1782721711224	OK	 
REQUEST	LoginWeb	decrypt	1782721711233	1782721711293	OK	 
GROUP	LoginWeb	1782721709078	1782721711300	1973	OK
REQUEST		UC06.2_POST_/ufs-sberrating	1782721711306	1782721711928	OK	 
USER	EfsSberrating	START	1782721712062
REQUEST	LoginWeb	first_login	1782721712063	1782721712274	OK	 
REQUEST	LoginWeb	settingsLogin	1782721712277	1782721712417	OK	 
REQUEST		UC06.2_POST_/ufs-sberrating	1782721711935	1782721712428	OK	 
REQUEST	LoginWeb	newsLogin	1782721712423	1782721712589	OK	 
REQUEST		UC06.2_POST_/ufs-sberrating	1782721712431	1782721712701	OK	 
REQUEST	LoginWeb	preLogin	1782721712595	1782721712782	OK	 
REQUEST		UC49_POST_/prepayment-check	1782721712704	1782721712812	OK	 
REQUEST	LoginWeb	login	1782721712785	1782721713026	OK	 
REQUEST		UC06.2_POST_/ufs-sberrating	1782721712815	1782721713090	OK	 
REQUEST		UC06.2_POST_/ufs-sberrating	1782721713094	1782721713356	OK	 
REQUEST		UC06.2_POST_/ufs-sberrating	1782721713359	1782721713616	OK	 
REQUEST	LoginWeb	create	1782721713029	1782721713837	OK	 
REQUEST	LoginWeb	decrypt	1782721713841	1782721713921	OK	 
GROUP	LoginWeb	1782721712062	1782721713923	1833	OK
REQUEST		UC06.2_POST_/ufs-sberrating	1782721713619	1782721713923	OK	 
REQUEST		UC49_POST_/prepayment-check	1782721713925	1782721714027	OK	 
REQUEST		UC49_POST_/prepayment-check	1782721713924	1782721714083	OK	 
REQUEST		UC49_POST_/prepayment-check	1782721714030	1782721714140	OK	 
REQUEST		UC49_POST_/prepayment-check	1782721714086	1782721714258	OK	 
REQUEST		UC06.2_POST_/ufs-sberrating	1782721714142	1782721714395	OK	 
REQUEST		UC06.2_POST_/ufs-sberrating	1782721714261	1782721714579	OK	 
REQUEST		UC06.2_POST_/ufs-sberrating	1782721714398	1782721714703	OK	 
REQUEST		UC49_POST_/prepayment-check	1782721714706	1782721714801	OK	 
REQUEST		UC49_POST_/prepayment-check	1782721714804	1782721714907	OK	 
REQUEST		UC06.2_POST_/ufs-sberrating	1782721714582	1782721714975	OK	 
REQUEST		UC49_POST_/prepayment-check	1782721714910	1782721715008	OK	 
USER	EfsSberrating	START	1782721715062
REQUEST		UC06.2_POST_/ufs-sberrating	1782721714978	1782721715250	OK	 
REQUEST	LoginWeb	first_login	1782721715063	1782721715258	OK	 
REQUEST		UC06.2_POST_/ufs-sberrating	1782721715011	1782721715259	OK	 
REQUEST		UC49_POST_/prepayment-check	1782721715262	1782721715349	OK	 
REQUEST	LoginWeb	settingsLogin	1782721715260	1782721715421	OK	 
REQUEST		UC49_POST_/prepayment-check	1782721715352	1782721715456	OK	 
REQUEST		UC06.2_POST_/ufs-sberrating	1782721715253	1782721715496	OK	 
REQUEST		UC49_POST_/prepayment-check	1782721715459	1782721715561	OK	 
REQUEST		UC49_POST_/prepayment-check	1782721715498	1782721715592	OK	 
REQUEST	LoginWeb	newsLogin	1782721715425	1782721715615	OK	 
REQUEST		UC49_POST_/prepayment-check	1782721715564	1782721715667	OK	 
REQUEST		UC49_POST_/prepayment-check	1782721715670	1782721715770	OK	 
REQUEST	LoginWeb	preLogin	1782721715618	1782721715803	OK	 
REQUEST		UC06.2_POST_/ufs-sberrating	1782721715595	1782721715848	OK	 
REQUEST		UC49_POST_/prepayment-check	1782721715851	1782721715949	OK	 
REQUEST		UC06.2_POST_/ufs-sberrating	1782721715773	1782721716033	OK	 
REQUEST	LoginWeb	login	1782721715806	1782721716063	OK	 
REQUEST		UC06.2_POST_/ufs-sberrating	1782721715952	1782721716200	OK	 
REQUEST		UC49_POST_/prepayment-check	1782721716203	1782721716297	OK	 
REQUEST		UC06.2_POST_/ufs-sberrating	1782721716036	1782721716310	OK	 
REQUEST		UC06.2_POST_/ufs-sberrating	1782721716300	1782721716546	OK	 
REQUEST		UC06.2_POST_/ufs-sberrating	1782721716313	1782721716562	OK	 
REQUEST		UC06.2_POST_/ufs-sberrating	1782721716549	1782721716788	OK	 
REQUEST	LoginWeb	create	1782721716090	1782721716816	OK	 
REQUEST		UC06.2_POST_/ufs-sberrating	1782721716565	1782721716820	OK	 
REQUEST		UC49_POST_/prepayment-check	1782721716791	1782721716882	OK	 
REQUEST	LoginWeb	decrypt	1782721716820	1782721716884	OK	 
GROUP	LoginWeb	1782721715062	1782721716885	1778	OK
REQUEST		UC06.2_POST_/ufs-sberrating	1782721716823	1782721717065	OK	 
REQUEST		UC06.2_POST_/ufs-sberrating	1782721716886	1782721717141	OK	 
REQUEST		UC49_POST_/prepayment-check	1782721717144	1782721717244	OK	 
REQUEST		UC06.2_POST_/ufs-sberrating	1782721716886	1782721717310	OK	 
REQUEST		UC06.2_POST_/ufs-sberrating	1782721717067	1782721717325	OK	 
REQUEST		UC06.2_POST_/ufs-sberrating	1782721717246	1782721717476	OK	 
REQUEST		UC06.2_POST_/ufs-sberrating	1782721717329	1782721717592	OK	 
REQUEST		UC06.2_POST_/ufs-sberrating	1782721717312	1782721717666	OK	 
REQUEST		UC06.2_POST_/ufs-sberrating	1782721717479	1782721717714	OK	 
REQUEST		UC06.2_POST_/ufs-sberrating	1782721717595	1782721717846	OK	 
REQUEST		UC06.2_POST_/ufs-sberrating	1782721717669	1782721717940	OK	 
REQUEST		UC06.2_POST_/ufs-sberrating	1782721717716	1782721717962	OK	 
USER	EfsSberrating	START	1782721718061
REQUEST		UC06.2_POST_/ufs-sberrating	1782721717849	1782721718092	OK	 
REQUEST		UC06.2_POST_/ufs-sberrating	1782721717942	1782721718181	OK	 
REQUEST		UC49_POST_/prepayment-check	1782721718095	1782721718182	OK	 
REQUEST		UC06.2_POST_/ufs-sberrating	1782721717965	1782721718197	OK	 
REQUEST	LoginWeb	first_login	1782721718062	1782721718249	OK	 
REQUEST		UC49_POST_/prepayment-check	1782721718184	1782721718279	OK	 
REQUEST	LoginWeb	settingsLogin	1782721718251	1782721718417	OK	 
REQUEST		UC06.2_POST_/ufs-sberrating	1782721718183	1782721718422	OK	 
REQUEST		UC06.2_POST_/ufs-sberrating	1782721718199	1782721718431	OK	 
REQUEST		UC49_POST_/prepayment-check	1782721718423	1782721718530	OK	 
REQUEST		UC49_POST_/prepayment-check	1782721718433	1782721718531	OK	 
REQUEST		UC06.2_POST_/ufs-sberrating	1782721718281	1782721718551	OK	 
REQUEST	LoginWeb	newsLogin	1782721718420	1782721718614	OK	 
REQUEST		UC49_POST_/prepayment-check	1782721718532	1782721718626	OK	 
REQUEST		UC49_POST_/prepayment-check	1782721718553	1782721718646	OK	 
REQUEST		UC49_POST_/prepayment-check	1782721718628	1782721718719	OK	 
REQUEST		UC49_POST_/prepayment-check	1782721718648	1782721718738	OK	 
REQUEST		UC06.2_POST_/ufs-sberrating	1782721718532	1782721718769	OK	 
REQUEST		UC49_POST_/prepayment-check	1782721718721	1782721718813	OK	 
REQUEST	LoginWeb	preLogin	1782721718616	1782721718819	OK	 
REQUEST		UC49_POST_/prepayment-check	1782721718771	1782721718867	OK	 
REQUEST		UC49_POST_/prepayment-check	1782721718815	1782721718911	OK	 
REQUEST		UC49_POST_/prepayment-check	1782721718869	1782721718951	OK	 
REQUEST		UC06.2_POST_/ufs-sberrating	1782721718740	1782721718991	OK	 
REQUEST		UC49_POST_/prepayment-check	1782721718915	1782721719012	OK	 
REQUEST	LoginWeb	login	1782721718821	1782721719044	OK	 
REQUEST		UC49_POST_/prepayment-check	1782721719015	1782721719112	OK	 
REQUEST		UC06.2_POST_/ufs-sberrating	1782721718953	1782721719197	OK	 
REQUEST		UC49_POST_/prepayment-check	1782721719114	1782721719204	OK	 
REQUEST		UC06.2_POST_/ufs-sberrating	1782721718994	1782721719241	OK	 
REQUEST		UC06.2_POST_/ufs-sberrating	1782721719199	1782721719429	OK	 
REQUEST		UC06.2_POST_/ufs-sberrating	1782721719206	1782721719438	OK	 
REQUEST		UC06.2_POST_/ufs-sberrating	1782721719243	1782721719487	OK	 
REQUEST		UC06.2_POST_/ufs-sberrating	1782721719431	1782721719668	OK	 
REQUEST		UC06.2_POST_/ufs-sberrating	1782721719440	1782721719673	OK	 
REQUEST		UC06.2_POST_/ufs-sberrating	1782721719489	1782721719713	OK	 
REQUEST	LoginWeb	create	1782721719046	1782721719798	OK	 
REQUEST	LoginWeb	decrypt	1782721719801	1782721719858	OK	 
GROUP	LoginWeb	1782721718061	1782721719859	1782	OK
REQUEST		UC06.2_POST_/ufs-sberrating	1782721719671	1782721719908	OK	 
REQUEST		UC06.2_POST_/ufs-sberrating	1782721719675	1782721719921	OK	 
REQUEST		UC06.2_POST_/ufs-sberrating	1782721719715	1782721719948	OK	 
REQUEST		UC49_POST_/prepayment-check	1782721719923	1782721720005	OK	 
REQUEST		UC49_POST_/prepayment-check	1782721719861	1782721720007	OK	 
REQUEST		UC06.2_POST_/ufs-sberrating	1782721719911	1782721720140	OK	 
REQUEST		UC06.2_POST_/ufs-sberrating	1782721719950	1782721720203	OK	 
REQUEST		UC49_POST_/prepayment-check	1782721720143	1782721720235	OK	 
REQUEST		UC06.2_POST_/ufs-sberrating	1782721720007	1782721720256	OK	 
REQUEST		UC06.2_POST_/ufs-sberrating	1782721720008	1782721720334	OK	 
REQUEST		UC49_POST_/prepayment-check	1782721720258	1782721720352	OK	 
REQUEST		UC06.2_POST_/ufs-sberrating	1782721720205	1782721720440	OK	 
REQUEST		UC06.2_POST_/ufs-sberrating	1782721720237	1782721720468	OK	 
REQUEST		UC49_POST_/prepayment-check	1782721720443	1782721720538	OK	 
REQUEST		UC06.2_POST_/ufs-sberrating	1782721720354	1782721720587	OK	 
REQUEST		UC06.2_POST_/ufs-sberrating	1782721720337	1782721720654	OK	 
REQUEST		UC06.2_POST_/ufs-sberrating	1782721720470	1782721720706	OK	 
REQUEST		UC06.2_POST_/ufs-sberrating	1782721720540	1782721720781	OK	 
REQUEST		UC06.2_POST_/ufs-sberrating	1782721720589	1782721720821	OK	 
REQUEST		UC06.2_POST_/ufs-sberrating	1782721720656	1782721720864	OK	 
REQUEST		UC06.2_POST_/ufs-sberrating	1782721720708	1782721720937	OK	 
REQUEST		UC06.2_POST_/ufs-sberrating	1782721720785	1782721721014	OK	 
REQUEST		UC49_POST_/prepayment-check	1782721720939	1782721721046	OK	 
REQUEST		UC06.2_POST_/ufs-sberrating	1782721720823	1782721721052	OK	 
USER	EfsSberrating	START	1782721721061
REQUEST		UC06.2_POST_/ufs-sberrating	1782721720866	1782721721117	OK	 
REQUEST		UC06.2_POST_/ufs-sberrating	1782721721016	1782721721265	OK	 
REQUEST		UC06.2_POST_/ufs-sberrating	1782721721048	1782721721285	OK	 
REQUEST		UC06.2_POST_/ufs-sberrating	1782721721080	1782721721314	OK	 
REQUEST	LoginWeb	first_login	1782721721111	1782721721316	OK	 
REQUEST		UC06.2_POST_/ufs-sberrating	1782721721119	1782721721360	OK	 
REQUEST		UC49_POST_/prepayment-check	1782721721267	1782721721362	OK	 
REQUEST	LoginWeb	settingsLogin	1782721721317	1782721721466	OK	 
REQUEST		UC06.2_POST_/ufs-sberrating	1782721721287	1782721721509	OK	 
REQUEST		UC06.2_POST_/ufs-sberrating	1782721721315	1782721721570	OK	 
REQUEST		UC06.2_POST_/ufs-sberrating	1782721721363	1782721721603	OK	 
REQUEST		UC06.2_POST_/ufs-sberrating	1782721721362	1782721721604	OK	 
REQUEST	LoginWeb	newsLogin	1782721721469	1782721721666	OK	 
REQUEST		UC49_POST_/prepayment-check	1782721721605	1782721721694	OK	 
REQUEST		UC49_POST_/prepayment-check	1782721721605	1782721721704	OK	 
REQUEST		UC06.2_POST_/ufs-sberrating	1782721721511	1782721721741	OK	 
REQUEST		UC06.2_POST_/ufs-sberrating	1782721721572	1782721721790	OK	 
REQUEST	LoginWeb	preLogin	1782721721668	1782721721870	OK	 
REQUEST		UC06.2_POST_/ufs-sberrating	1782721721696	1782721721930	OK	 
REQUEST		UC06.2_POST_/ufs-sberrating	1782721721707	1782721721948	OK	 
REQUEST		UC06.2_POST_/ufs-sberrating	1782721721743	1782721721980	OK	 
REQUEST		UC49_POST_/prepayment-check	1782721721932	1782721722023	OK	 
REQUEST		UC06.2_POST_/ufs-sberrating	1782721721793	1782721722026	OK	 
REQUEST		UC49_POST_/prepayment-check	1782721721982	1782721722065	OK	 
REQUEST		UC49_POST_/prepayment-check	1782721722025	1782721722121	OK	 
REQUEST	LoginWeb	login	1782721721872	1782721722140	OK	 
REQUEST		UC06.2_POST_/ufs-sberrating	1782721721950	1782721722210	OK	 
REQUEST		UC06.2_POST_/ufs-sberrating	1782721722028	1782721722267	OK	 
REQUEST		UC06.2_POST_/ufs-sberrating	1782721722067	1782721722297	OK	 
REQUEST		UC49_POST_/prepayment-check	1782721722212	1782721722301	OK	 
REQUEST		UC49_POST_/prepayment-check	1782721722268	1782721722372	OK	 
REQUEST		UC06.2_POST_/ufs-sberrating	1782721722123	1782721722380	OK	 
REQUEST		UC49_POST_/prepayment-check	1782721722375	1782721722458	OK	 
REQUEST		UC49_POST_/prepayment-check	1782721722382	1782721722479	OK	 
REQUEST		UC06.2_POST_/ufs-sberrating	1782721722303	1782721722542	OK	 
REQUEST		UC06.2_POST_/ufs-sberrating	1782721722299	1782721722542	OK	 
REQUEST		UC49_POST_/prepayment-check	1782721722480	1782721722566	OK	 
REQUEST		UC06.2_POST_/ufs-sberrating	1782721722460	1782721722718	OK	 
REQUEST		UC06.2_POST_/ufs-sberrating	1782721722544	1782721722768	OK	 
REQUEST		UC06.2_POST_/ufs-sberrating	1782721722543	1782721722787	OK	 
REQUEST		UC06.2_POST_/ufs-sberrating	1782721722569	1782721722799	OK	 
REQUEST		UC49_POST_/prepayment-check	1782721722789	1782721722884	OK	 
REQUEST		UC49_POST_/prepayment-check	1782721722801	1782721722889	OK	 
REQUEST		UC06.2_POST_/ufs-sberrating	1782721722720	1782721722947	OK	 
REQUEST	LoginWeb	create	1782721722141	1782721722972	OK	 
REQUEST		UC49_POST_/prepayment-check	1782721722890	1782721722988	OK	 
REQUEST		UC49_POST_/prepayment-check	1782721722886	1782721722990	OK	 
REQUEST		UC06.2_POST_/ufs-sberrating	1782721722770	1782721722991	OK	 
REQUEST	LoginWeb	decrypt	1782721722975	1782721723039	OK	 
GROUP	LoginWeb	1782721721062	1782721723040	1916	OK
REQUEST		UC49_POST_/prepayment-check	1782721722991	1782721723081	OK	 
REQUEST		UC49_POST_/prepayment-check	1782721723083	1782721723180	OK	 
REQUEST		UC06.2_POST_/ufs-sberrating	1782721722949	1782721723201	OK	 
REQUEST		UC06.2_POST_/ufs-sberrating	1782721722992	1782721723216	OK	 
REQUEST		UC06.2_POST_/ufs-sberrating	1782721722995	1782721723224	OK	 
REQUEST		UC06.2_POST_/ufs-sberrating	1782721723041	1782721723308	OK	 
REQUEST		UC49_POST_/prepayment-check	1782721723226	1782721723320	OK	 
REQUEST		UC49_POST_/prepayment-check	1782721723322	1782721723413	OK	 
REQUEST		UC06.2_POST_/ufs-sberrating	1782721723203	1782721723426	OK	 
REQUEST		UC06.2_POST_/ufs-sberrating	1782721723182	1782721723428	OK	 
REQUEST		UC06.2_POST_/ufs-sberrating	1782721723218	1782721723444	OK	 
REQUEST		UC49_POST_/prepayment-check	1782721723428	1782721723515	OK	 
REQUEST		UC49_POST_/prepayment-check	1782721723430	1782721723520	OK	 
REQUEST		UC49_POST_/prepayment-check	1782721723522	1782721723613	OK	 
REQUEST		UC06.2_POST_/ufs-sberrating	1782721723311	1782721723638	OK	 
REQUEST		UC06.2_POST_/ufs-sberrating	1782721723415	1782721723641	OK	 
REQUEST		UC06.2_POST_/ufs-sberrating	1782721723446	1782721723656	OK	 
REQUEST		UC06.2_POST_/ufs-sberrating	1782721723517	1782721723745	OK	 
REQUEST		UC06.2_POST_/ufs-sberrating	1782721723643	1782721723870	OK	 
REQUEST		UC06.2_POST_/ufs-sberrating	1782721723615	1782721723872	OK	 
REQUEST		UC06.2_POST_/ufs-sberrating	1782721723658	1782721723883	OK	 
REQUEST		UC06.2_POST_/ufs-sberrating	1782721723640	1782721723900	OK	 
REQUEST		UC49_POST_/prepayment-check	1782721723871	1782721723953	OK	 
REQUEST		UC49_POST_/prepayment-check	1782721723873	1782721723962	OK	 
REQUEST		UC06.2_POST_/ufs-sberrating	1782721723746	1782721723981	OK	 
REQUEST		UC49_POST_/prepayment-check	1782721723903	1782721723999	OK	 
REQUEST		UC49_POST_/prepayment-check	1782721723955	1782721724052	OK	 
USER	EfsSberrating	START	1782721724061
REQUEST		UC49_POST_/prepayment-check	1782721723983	1782721724079	OK	 
REQUEST		UC06.2_POST_/ufs-sberrating	1782721723884	1782721724091	OK	 
REQUEST		UC49_POST_/prepayment-check	1782721724001	1782721724094	OK	 
REQUEST		UC06.2_POST_/ufs-sberrating	1782721723963	1782721724243	OK	 
REQUEST	LoginWeb	first_login	1782721724061	1782721724254	OK	 
REQUEST		UC06.2_POST_/ufs-sberrating	1782721724053	1782721724255	OK	 
REQUEST		UC06.2_POST_/ufs-sberrating	1782721724081	1782721724313	OK	 
REQUEST		UC06.2_POST_/ufs-sberrating	1782721724120	1782721724349	OK	 
REQUEST		UC49_POST_/prepayment-check	1782721724245	1782721724353	OK	 
REQUEST		UC49_POST_/prepayment-check	1782721724256	1782721724355	OK	 
REQUEST		UC06.2_POST_/ufs-sberrating	1782721724140	1782721724384	OK	 
REQUEST	LoginWeb	settingsLogin	1782721724255	1782721724412	OK	 
REQUEST		UC49_POST_/prepayment-check	1782721724355	1782721724453	OK	 
REQUEST		UC49_POST_/prepayment-check	1782721724454	1782721724550	OK	 
REQUEST		UC06.2_POST_/ufs-sberrating	1782721724315	1782721724562	OK	 
REQUEST		UC06.2_POST_/ufs-sberrating	1782721724350	1782721724569	OK	 
REQUEST		UC06.2_POST_/ufs-sberrating	1782721724357	1782721724585	OK	 
REQUEST	LoginWeb	newsLogin	1782721724415	1782721724608	OK	 
REQUEST		UC06.2_POST_/ufs-sberrating	1782721724386	1782721724623	OK	 
REQUEST		UC49_POST_/prepayment-check	1782721724571	1782721724659	OK	 
REQUEST		UC49_POST_/prepayment-check	1782721724586	1782721724676	OK	 
REQUEST		UC49_POST_/prepayment-check	1782721724661	1782721724743	OK	 
REQUEST		UC49_POST_/prepayment-check	1782721724678	1782721724763	OK	 
REQUEST		UC06.2_POST_/ufs-sberrating	1782721724552	1782721724789	OK	 
REQUEST		UC06.2_POST_/ufs-sberrating	1782721724563	1782721724798	OK	 
REQUEST	LoginWeb	preLogin	1782721724609	1782721724803	OK	 
REQUEST		UC49_POST_/prepayment-check	1782721724745	1782721724836	OK	 
REQUEST		UC06.2_POST_/ufs-sberrating	1782721724624	1782721724860	OK	 
REQUEST		UC49_POST_/prepayment-check	1782721724791	1782721724882	OK	 
REQUEST		UC49_POST_/prepayment-check	1782721724862	1782721724955	OK	 
REQUEST		UC06.2_POST_/ufs-sberrating	1782721724764	1782721724995	OK	 
REQUEST	LoginWeb	login	1782721724806	1782721725028	OK	 
REQUEST		UC06.2_POST_/ufs-sberrating	1782721724800	1782721725039	OK	 
REQUEST		UC06.2_POST_/ufs-sberrating	1782721724838	1782721725050	OK	 
REQUEST		UC06.2_POST_/ufs-sberrating	1782721724883	1782721725133	OK	 
REQUEST		UC06.2_POST_/ufs-sberrating	1782721724958	1782721725193	OK	 
REQUEST		UC06.2_POST_/ufs-sberrating	1782721724997	1782721725222	OK	 
REQUEST		UC49_POST_/prepayment-check	1782721725134	1782721725225	OK	 
REQUEST		UC49_POST_/prepayment-check	1782721725195	1782721725285	OK	 
REQUEST		UC06.2_POST_/ufs-sberrating	1782721725080	1782721725294	OK	 
REQUEST		UC49_POST_/prepayment-check	1782721725226	1782721725324	OK	 
REQUEST		UC06.2_POST_/ufs-sberrating	1782721725100	1782721725327	OK	 
REQUEST		UC49_POST_/prepayment-check	1782721725287	1782721725376	OK	 
REQUEST		UC49_POST_/prepayment-check	1782721725325	1782721725421	OK	 
REQUEST		UC06.2_POST_/ufs-sberrating	1782721725223	1782721725426	OK	 
REQUEST		UC49_POST_/prepayment-check	1782721725379	1782721725463	OK	 
REQUEST		UC49_POST_/prepayment-check	1782721725422	1782721725519	OK	 
REQUEST		UC49_POST_/prepayment-check	1782721725428	1782721725520	OK	 
REQUEST		UC06.2_POST_/ufs-sberrating	1782721725296	1782721725526	OK	 
REQUEST		UC06.2_POST_/ufs-sberrating	1782721725329	1782721725559	OK	 
REQUEST		UC49_POST_/prepayment-check	1782721725561	1782721725647	OK	 
REQUEST		UC06.2_POST_/ufs-sberrating	1782721725465	1782721725698	OK	 
REQUEST		UC49_POST_/prepayment-check	1782721725649	1782721725745	OK	 
REQUEST		UC06.2_POST_/ufs-sberrating	1782721725521	1782721725768	OK	 
REQUEST		UC06.2_POST_/ufs-sberrating	1782721725521	1782721725773	OK	 
REQUEST		UC06.2_POST_/ufs-sberrating	1782721725527	1782721725775	OK	 
REQUEST	LoginWeb	create	1782721725030	1782721725802	OK	 
REQUEST	LoginWeb	decrypt	1782721725804	1782721725861	OK	 
GROUP	LoginWeb	1782721724061	1782721725862	1788	OK
REQUEST		UC49_POST_/prepayment-check	1782721725770	1782721725864	OK	 
REQUEST		UC06.2_POST_/ufs-sberrating	1782721725700	1782721725940	OK	 
REQUEST		UC49_POST_/prepayment-check	1782721725866	1782721725949	OK	 
REQUEST		UC06.2_POST_/ufs-sberrating	1782721725746	1782721725981	OK	 
REQUEST		UC06.2_POST_/ufs-sberrating	1782721725776	1782721726003	OK	 
REQUEST		UC06.2_POST_/ufs-sberrating	1782721725775	1782721726058	OK	 
REQUEST		UC49_POST_/prepayment-check	1782721726005	1782721726092	OK	 
REQUEST		UC06.2_POST_/ufs-sberrating	1782721725950	1782721726171	OK	 
REQUEST		UC06.2_POST_/ufs-sberrating	1782721725863	1782721726182	OK	 
REQUEST		UC06.2_POST_/ufs-sberrating	1782721725942	1782721726190	OK	 
REQUEST		UC49_POST_/prepayment-check	1782721726094	1782721726190	OK	 
REQUEST		UC06.2_POST_/ufs-sberrating	1782721725982	1782721726219	OK	 
REQUEST		UC49_POST_/prepayment-check	1782721726173	1782721726262	OK	 
REQUEST		UC49_POST_/prepayment-check	1782721726192	1782721726276	OK	 
REQUEST		UC49_POST_/prepayment-check	1782721726183	1782721726290	OK	 
REQUEST		UC06.2_POST_/ufs-sberrating	1782721726060	1782721726308	OK	 
REQUEST		UC06.2_POST_/ufs-sberrating	1782721726192	1782721726426	OK	 
REQUEST		UC06.2_POST_/ufs-sberrating	1782721726220	1782721726463	OK	 
REQUEST		UC06.2_POST_/ufs-sberrating	1782721726263	1782721726472	OK	 
REQUEST		UC06.2_POST_/ufs-sberrating	1782721726278	1782721726515	OK	 
REQUEST		UC06.2_POST_/ufs-sberrating	1782721726292	1782721726522	OK	 
REQUEST		UC49_POST_/prepayment-check	1782721726465	1782721726551	OK	 
REQUEST		UC06.2_POST_/ufs-sberrating	1782721726310	1782721726584	OK	 
REQUEST		UC49_POST_/prepayment-check	1782721726517	1782721726608	OK	 
REQUEST		UC06.2_POST_/ufs-sberrating	1782721726427	1782721726656	OK	 
REQUEST		UC49_POST_/prepayment-check	1782721726609	1782721726692	OK	 
REQUEST		UC06.2_POST_/ufs-sberrating	1782721726473	1782721726718	OK	 
REQUEST		UC06.2_POST_/ufs-sberrating	1782721726553	1782721726787	OK	 
REQUEST		UC49_POST_/prepayment-check	1782721726719	1782721726818	OK	 
REQUEST		UC06.2_POST_/ufs-sberrating	1782721726586	1782721726841	OK	 
REQUEST		UC49_POST_/prepayment-check	1782721726788	1782721726875	OK	 
REQUEST		UC06.2_POST_/ufs-sberrating	1782721726523	1782721726890	OK	 
REQUEST		UC06.2_POST_/ufs-sberrating	1782721726658	1782721726898	OK	 
REQUEST		UC06.2_POST_/ufs-sberrating	1782721726695	1782721726919	OK	 
REQUEST		UC06.2_POST_/ufs-sberrating	1782721726820	1782721727033	OK	 
USER	EfsSberrating	START	1782721727061
REQUEST		UC06.2_POST_/ufs-sberrating	1782721726843	1782721727098	OK	 
REQUEST		UC06.2_POST_/ufs-sberrating	1782721726877	1782721727103	OK	 
REQUEST		UC06.2_POST_/ufs-sberrating	1782721726891	1782721727123	OK	 
REQUEST		UC06.2_POST_/ufs-sberrating	1782721726900	1782721727134	OK	 
REQUEST		UC06.2_POST_/ufs-sberrating	1782721726921	1782721727134	OK	 
REQUEST		UC49_POST_/prepayment-check	1782721727104	1782721727192	OK	 
REQUEST		UC49_POST_/prepayment-check	1782721727100	1782721727196	OK	 
REQUEST	LoginWeb	first_login	1782721727062	1782721727255	OK	 
REQUEST		UC06.2_POST_/ufs-sberrating	1782721727035	1782721727284	OK	 
REQUEST		UC49_POST_/prepayment-check	1782721727197	1782721727300	OK	 
REQUEST		UC06.2_POST_/ufs-sberrating	1782721727125	1782721727367	OK	 
REQUEST		UC49_POST_/prepayment-check	1782721727302	1782721727391	OK	 
REQUEST		UC06.2_POST_/ufs-sberrating	1782721727135	1782721727393	OK	 
REQUEST		UC06.2_POST_/ufs-sberrating	1782721727170	1782721727420	OK	 
REQUEST		UC06.2_POST_/ufs-sberrating	1782721727193	1782721727424	OK	 
REQUEST	LoginWeb	settingsLogin	1782721727256	1782721727422	OK	 
REQUEST		UC49_POST_/prepayment-check	1782721727369	1782721727463	OK	 
REQUEST		UC49_POST_/prepayment-check	1782721727395	1782721727484	OK	 
REQUEST		UC49_POST_/prepayment-check	1782721727393	1782721727487	OK	 
REQUEST		UC06.2_POST_/ufs-sberrating	1782721727286	1782721727497	OK	 
REQUEST		UC49_POST_/prepayment-check	1782721727487	1782721727568	OK	 
REQUEST	LoginWeb	newsLogin	1782721727425	1782721727607	OK	 
REQUEST		UC06.2_POST_/ufs-sberrating	1782721727425	1782721727648	OK	 
REQUEST		UC06.2_POST_/ufs-sberrating	1782721727422	1782721727663	OK	 
REQUEST		UC06.2_POST_/ufs-sberrating	1782721727465	1782721727705	OK	 
REQUEST		UC06.2_POST_/ufs-sberrating	1782721727488	1782721727715	OK	 
REQUEST		UC06.2_POST_/ufs-sberrating	1782721727499	1782721727718	OK	 
REQUEST	LoginWeb	preLogin	1782721727609	1782721727777	OK	 
REQUEST		UC49_POST_/prepayment-check	1782721727707	1782721727799	OK	 
REQUEST		UC06.2_POST_/ufs-sberrating	1782721727569	1782721727808	OK	 
REQUEST		UC49_POST_/prepayment-check	1782721727717	1782721727808	OK	 
REQUEST		UC49_POST_/prepayment-check	1782721727720	1782721727808	OK	 
REQUEST		UC06.2_POST_/ufs-sberrating	1782721727649	1782721727881	OK	 
REQUEST		UC49_POST_/prepayment-check	1782721727801	1782721727890	OK	 
REQUEST		UC49_POST_/prepayment-check	1782721727810	1782721727899	OK	 
REQUEST		UC06.2_POST_/ufs-sberrating	1782721727665	1782721727909	OK	 
REQUEST		UC49_POST_/prepayment-check	1782721727901	1782721727987	OK	 
REQUEST		UC49_POST_/prepayment-check	1782721727883	1782721728000	OK	 
REQUEST	LoginWeb	login	1782721727780	1782721728014	OK	 
REQUEST		UC06.2_POST_/ufs-sberrating	1782721727810	1782721728048	OK	 
REQUEST		UC06.2_POST_/ufs-sberrating	1782721727810	1782721728064	OK	 
REQUEST		UC49_POST_/prepayment-check	1782721728002	1782721728090	OK	 
REQUEST		UC06.2_POST_/ufs-sberrating	1782721727892	1782721728136	OK	 
REQUEST		UC06.2_POST_/ufs-sberrating	1782721727911	1782721728176	OK	 
REQUEST		UC06.2_POST_/ufs-sberrating	1782721727989	1782721728238	OK	 
REQUEST		UC49_POST_/prepayment-check	1782721728137	1782721728246	OK	 
REQUEST		UC49_POST_/prepayment-check	1782721728177	1782721728271	OK	 
REQUEST		UC06.2_POST_/ufs-sberrating	1782721728050	1782721728303	OK	 
REQUEST		UC06.2_POST_/ufs-sberrating	1782721728065	1782721728318	OK	 
REQUEST		UC49_POST_/prepayment-check	1782721728240	1782721728335	OK	 
REQUEST		UC06.2_POST_/ufs-sberrating	1782721728092	1782721728343	OK	 
REQUEST		UC49_POST_/prepayment-check	1782721728273	1782721728356	OK	 
REQUEST		UC49_POST_/prepayment-check	1782721728304	1782721728390	OK	 
REQUEST		UC49_POST_/prepayment-check	1782721728358	1782721728448	OK	 
REQUEST		UC06.2_POST_/ufs-sberrating	1782721728247	1782721728481	OK	 
REQUEST		UC49_POST_/prepayment-check	1782721728450	1782721728555	OK	 
REQUEST		UC06.2_POST_/ufs-sberrating	1782721728336	1782721728559	OK	 
REQUEST		UC06.2_POST_/ufs-sberrating	1782721728344	1782721728561	OK	 
REQUEST		UC06.2_POST_/ufs-sberrating	1782721728320	1782721728564	OK	 
REQUEST		UC49_POST_/prepayment-check	1782721728483	1782721728585	OK	 
REQUEST		UC06.2_POST_/ufs-sberrating	1782721728392	1782721728626	OK	 
REQUEST		UC49_POST_/prepayment-check	1782721728560	1782721728654	OK	 
REQUEST		UC49_POST_/prepayment-check	1782721728586	1782721728678	OK	 
REQUEST	LoginWeb	create	1782721728016	1782721728775	OK	 
REQUEST		UC06.2_POST_/ufs-sberrating	1782721728565	1782721728811	OK	 
REQUEST		UC06.2_POST_/ufs-sberrating	1782721728562	1782721728816	OK	 
REQUEST		UC06.2_POST_/ufs-sberrating	1782721728557	1782721728818	OK	 
REQUEST	LoginWeb	decrypt	1782721728777	1782721728839	OK	 
GROUP	LoginWeb	1782721727061	1782721728840	1764	OK
REQUEST		UC06.2_POST_/ufs-sberrating	1782721728628	1782721728861	OK	 
REQUEST		UC06.2_POST_/ufs-sberrating	1782721728656	1782721728873	OK	 
REQUEST		UC49_POST_/prepayment-check	1782721728819	1782721728911	OK	 
REQUEST		UC06.2_POST_/ufs-sberrating	1782721728680	1782721728947	OK	 
REQUEST		UC49_POST_/prepayment-check	1782721728913	1782721729007	OK	 
REQUEST		UC49_POST_/prepayment-check	1782721728841	1782721729040	OK	 
REQUEST		UC06.2_POST_/ufs-sberrating	1782721728813	1782721729070	OK	 
REQUEST		UC06.2_POST_/ufs-sberrating	1782721728817	1782721729072	OK	 
REQUEST		UC06.2_POST_/ufs-sberrating	1782721728862	1782721729100	OK	 
REQUEST		UC06.2_POST_/ufs-sberrating	1782721728874	1782721729112	OK	 
REQUEST		UC06.2_POST_/ufs-sberrating	1782721728948	1782721729188	OK	 
REQUEST		UC49_POST_/prepayment-check	1782721729114	1782721729208	OK	 
REQUEST		UC06.2_POST_/ufs-sberrating	1782721729008	1782721729250	OK	 
REQUEST		UC06.2_POST_/ufs-sberrating	1782721729073	1782721729293	OK	 
REQUEST		UC06.2_POST_/ufs-sberrating	1782721729072	1782721729307	OK	 
REQUEST		UC06.2_POST_/ufs-sberrating	1782721729102	1782721729334	OK	 
REQUEST		UC49_POST_/prepayment-check	1782721729252	1782721729341	OK	 
REQUEST		UC06.2_POST_/ufs-sberrating	1782721729042	1782721729362	OK	 
REQUEST		UC06.2_POST_/ufs-sberrating	1782721729210	1782721729425	OK	 
REQUEST		UC06.2_POST_/ufs-sberrating	1782721729190	1782721729426	OK	 
REQUEST		UC49_POST_/prepayment-check	1782721729427	1782721729514	OK	 
REQUEST		UC06.2_POST_/ufs-sberrating	1782721729295	1782721729535	OK	 
REQUEST		UC06.2_POST_/ufs-sberrating	1782721729308	1782721729557	OK	 
REQUEST		UC06.2_POST_/ufs-sberrating	1782721729342	1782721729585	OK	 
REQUEST		UC06.2_POST_/ufs-sberrating	1782721729336	1782721729592	OK	 
REQUEST		UC06.2_POST_/ufs-sberrating	1782721729363	1782721729630	OK	 
REQUEST		UC49_POST_/prepayment-check	1782721729558	1782721729651	OK	 
REQUEST		UC06.2_POST_/ufs-sberrating	1782721729427	1782721729661	OK	 
REQUEST		UC49_POST_/prepayment-check	1782721729587	1782721729684	OK	 
REQUEST		UC49_POST_/prepayment-check	1782721729593	1782721729688	OK	 
REQUEST		UC49_POST_/prepayment-check	1782721729631	1782721729734	OK	 
REQUEST		UC06.2_POST_/ufs-sberrating	1782721729515	1782721729736	OK	 
REQUEST		UC49_POST_/prepayment-check	1782721729653	1782721729746	OK	 
REQUEST		UC49_POST_/prepayment-check	1782721729663	1782721729758	OK	 
REQUEST		UC06.2_POST_/ufs-sberrating	1782721729536	1782721729769	OK	 
REQUEST		UC49_POST_/prepayment-check	1782721729689	1782721729797	OK	 
REQUEST		UC49_POST_/prepayment-check	1782721729737	1782721729826	OK	 
REQUEST		UC49_POST_/prepayment-check	1782721729770	1782721729865	OK	 
REQUEST		UC49_POST_/prepayment-check	1782721729798	1782721729886	OK	 
REQUEST		UC06.2_POST_/ufs-sberrating	1782721729685	1782721729941	OK	 
REQUEST		UC49_POST_/prepayment-check	1782721729866	1782721729949	OK	 
REQUEST		UC49_POST_/prepayment-check	1782721729888	1782721729983	OK	 
REQUEST		UC06.2_POST_/ufs-sberrating	1782721729759	1782721729989	OK	 
REQUEST		UC06.2_POST_/ufs-sberrating	1782721729747	1782721729995	OK	 
REQUEST		UC49_POST_/prepayment-check	1782721729943	1782721730038	OK	 
USER	EfsSberrating	START	1782721730062
REQUEST		UC06.2_POST_/ufs-sberrating	1782721729828	1782721730069	OK	 
REQUEST		UC06.2_POST_/ufs-sberrating	1782721729736	1782721730087	OK	 
REQUEST		UC06.2_POST_/ufs-sberrating	1782721729950	1782721730195	OK	 
REQUEST		UC06.2_POST_/ufs-sberrating	1782721729990	1782721730219	OK	 
REQUEST		UC06.2_POST_/ufs-sberrating	1782721729985	1782721730226	OK	 
REQUEST	LoginWeb	first_login	1782721730062	1782721730252	OK	 
REQUEST		UC06.2_POST_/ufs-sberrating	1782721729997	1782721730255	OK	 
REQUEST		UC49_POST_/prepayment-check	1782721730196	1782721730282	OK	 
REQUEST		UC06.2_POST_/ufs-sberrating	1782721730039	1782721730286	OK	 
REQUEST		UC49_POST_/prepayment-check	1782721730220	1782721730314	OK	 
REQUEST		UC06.2_POST_/ufs-sberrating	1782721730071	1782721730320	OK	 
REQUEST		UC06.2_POST_/ufs-sberrating	1782721730088	1782721730348	OK	 
REQUEST		UC49_POST_/prepayment-check	1782721730284	1782721730378	OK	 
REQUEST	LoginWeb	settingsLogin	1782721730254	1782721730402	OK	 
REQUEST		UC06.2_POST_/ufs-sberrating	1782721730227	1782721730465	OK	 
REQUEST		UC06.2_POST_/ufs-sberrating	1782721730256	1782721730476	OK	 
REQUEST		UC06.2_POST_/ufs-sberrating	1782721730287	1782721730539	OK	 
REQUEST		UC06.2_POST_/ufs-sberrating	1782721730316	1782721730556	OK	 
REQUEST		UC06.2_POST_/ufs-sberrating	1782721730321	1782721730562	OK	 
REQUEST		UC49_POST_/prepayment-check	1782721730478	1782721730573	OK	 
REQUEST		UC06.2_POST_/ufs-sberrating	1782721730350	1782721730588	OK	 
REQUEST	LoginWeb	newsLogin	1782721730405	1782721730592	OK	 
REQUEST		UC06.2_POST_/ufs-sberrating	1782721730379	1782721730605	OK	 
REQUEST		UC49_POST_/prepayment-check	1782721730563	1782721730648	OK	 
REQUEST		UC49_POST_/prepayment-check	1782721730557	1782721730656	OK	 
REQUEST		UC49_POST_/prepayment-check	1782721730606	1782721730692	OK	 
REQUEST		UC06.2_POST_/ufs-sberrating	1782721730466	1782721730719	OK	 
REQUEST		UC49_POST_/prepayment-check	1782721730650	1782721730743	OK	 
REQUEST		UC49_POST_/prepayment-check	1782721730693	1782721730786	OK	 
REQUEST	LoginWeb	preLogin	1782721730594	1782721730790	OK	 
REQUEST		UC06.2_POST_/ufs-sberrating	1782721730540	1782721730794	OK	 
REQUEST		UC06.2_POST_/ufs-sberrating	1782721730574	1782721730826	OK	 
REQUEST		UC06.2_POST_/ufs-sberrating	1782721730589	1782721730835	OK	 
REQUEST		UC49_POST_/prepayment-check	1782721730744	1782721730835	OK	 
REQUEST		UC06.2_POST_/ufs-sberrating	1782721730657	1782721730871	OK	 
REQUEST		UC49_POST_/prepayment-check	1782721730795	1782721730890	OK	 
REQUEST		UC49_POST_/prepayment-check	1782721730827	1782721730925	OK	 
REQUEST		UC06.2_POST_/ufs-sberrating	1782721730720	1782721730955	OK	 
REQUEST	LoginWeb	login	1782721730792	1782721731007	OK	 
REQUEST		UC06.2_POST_/ufs-sberrating	1782721730788	1782721731022	OK	 
REQUEST		UC49_POST_/prepayment-check	1782721730926	1782721731024	OK	 
REQUEST		UC49_POST_/prepayment-check	1782721730956	1782721731051	OK	 
REQUEST		UC06.2_POST_/ufs-sberrating	1782721730836	1782721731072	OK	 
REQUEST		UC06.2_POST_/ufs-sberrating	1782721730836	1782721731089	OK	 
REQUEST		UC06.2_POST_/ufs-sberrating	1782721730873	1782721731090	OK	 
REQUEST		UC06.2_POST_/ufs-sberrating	1782721730892	1782721731131	OK	 
REQUEST		UC49_POST_/prepayment-check	1782721731053	1782721731142	OK	 
REQUEST		UC49_POST_/prepayment-check	1782721731091	1782721731181	OK	 
REQUEST		UC06.2_POST_/ufs-sberrating	1782721731024	1782721731262	OK	 
REQUEST		UC49_POST_/prepayment-check	1782721731182	1782721731273	OK	 
REQUEST		UC06.2_POST_/ufs-sberrating	1782721731025	1782721731290	OK	 
REQUEST		UC06.2_POST_/ufs-sberrating	1782721731073	1782721731315	OK	 
REQUEST		UC06.2_POST_/ufs-sberrating	1782721731090	1782721731321	OK	 
REQUEST		UC06.2_POST_/ufs-sberrating	1782721731132	1782721731384	OK	 
REQUEST		UC06.2_POST_/ufs-sberrating	1782721731143	1782721731393	OK	 
REQUEST		UC49_POST_/prepayment-check	1782721731322	1782721731426	OK	 
REQUEST		UC49_POST_/prepayment-check	1782721731386	1782721731477	OK	 
REQUEST		UC49_POST_/prepayment-check	1782721731395	1782721731484	OK	 
REQUEST		UC06.2_POST_/ufs-sberrating	1782721731275	1782721731491	OK	 
REQUEST		UC06.2_POST_/ufs-sberrating	1782721731264	1782721731506	OK	 
REQUEST		UC06.2_POST_/ufs-sberrating	1782721731291	1782721731534	OK	 
REQUEST		UC06.2_POST_/ufs-sberrating	1782721731317	1782721731577	OK	 
REQUEST		UC49_POST_/prepayment-check	1782721731535	1782721731633	OK	 
REQUEST		UC06.2_POST_/ufs-sberrating	1782721731427	1782721731659	OK	 
REQUEST		UC49_POST_/prepayment-check	1782721731578	1782721731689	OK	 
REQUEST		UC06.2_POST_/ufs-sberrating	1782721731492	1782721731709	OK	 
REQUEST		UC06.2_POST_/ufs-sberrating	1782721731485	1782721731717	OK	 
REQUEST		UC06.2_POST_/ufs-sberrating	1782721731479	1782721731724	OK	 
REQUEST		UC49_POST_/prepayment-check	1782721731634	1782721731727	OK	 
REQUEST		UC06.2_POST_/ufs-sberrating	1782721731507	1782721731741	OK	 
REQUEST		UC49_POST_/prepayment-check	1782721731691	1782721731786	OK	 
REQUEST	LoginWeb	create	1782721731008	1782721731815	OK	 
REQUEST	LoginWeb	decrypt	1782721731817	1782721731881	OK	 
GROUP	LoginWeb	1782721730062	1782721731883	1807	OK
REQUEST		UC49_POST_/prepayment-check	1782721731787	1782721731886	OK	 
REQUEST		UC06.2_POST_/ufs-sberrating	1782721731660	1782721731901	OK	 
REQUEST		UC06.2_POST_/ufs-sberrating	1782721731711	1782721731942	OK	 
REQUEST		UC06.2_POST_/ufs-sberrating	1782721731726	1782721731960	OK	 
REQUEST		UC06.2_POST_/ufs-sberrating	1782721731718	1782721731969	OK	 
REQUEST		UC06.2_POST_/ufs-sberrating	1782721731728	1782721731970	OK	 
REQUEST		UC06.2_POST_/ufs-sberrating	1782721731742	1782721731981	OK	 
REQUEST		UC49_POST_/prepayment-check	1782721731943	1782721732033	OK	 
REQUEST		UC49_POST_/prepayment-check	1782721731884	1782721732042	OK	 
REQUEST		UC49_POST_/prepayment-check	1782721731961	1782721732046	OK	 
REQUEST		UC49_POST_/prepayment-check	1782721731971	1782721732070	OK	 
REQUEST		UC06.2_POST_/ufs-sberrating	1782721731888	1782721732111	OK	 
REQUEST		UC06.2_POST_/ufs-sberrating	1782721731902	1782721732173	OK	 
REQUEST		UC06.2_POST_/ufs-sberrating	1782721731971	1782721732210	OK	 
REQUEST		UC06.2_POST_/ufs-sberrating	1782721731982	1782721732218	OK	 
REQUEST		UC06.2_POST_/ufs-sberrating	1782721732035	1782721732278	OK	 
REQUEST		UC06.2_POST_/ufs-sberrating	1782721732100	1782721732313	OK	 
REQUEST		UC06.2_POST_/ufs-sberrating	1782721732080	1782721732325	OK	 
REQUEST		UC06.2_POST_/ufs-sberrating	1782721732112	1782721732343	OK	 
REQUEST		UC49_POST_/prepayment-check	1782721732314	1782721732410	OK	 
REQUEST		UC06.2_POST_/ufs-sberrating	1782721732070	1782721732412	OK	 
REQUEST		UC06.2_POST_/ufs-sberrating	1782721732175	1782721732413	OK	 
REQUEST		UC49_POST_/prepayment-check	1782721732326	1782721732415	OK	 
REQUEST		UC06.2_POST_/ufs-sberrating	1782721732212	1782721732460	OK	 
REQUEST		UC06.2_POST_/ufs-sberrating	1782721732220	1782721732466	OK	 
REQUEST		UC06.2_POST_/ufs-sberrating	1782721732280	1782721732509	OK	 
REQUEST		UC49_POST_/prepayment-check	1782721732467	1782721732555	OK	 
REQUEST		UC06.2_POST_/ufs-sberrating	1782721732344	1782721732586	OK	 
REQUEST		UC49_POST_/prepayment-check	1782721732510	1782721732602	OK	 
REQUEST		UC06.2_POST_/ufs-sberrating	1782721732417	1782721732633	OK	 
REQUEST		UC06.2_POST_/ufs-sberrating	1782721732414	1782721732644	OK	 
REQUEST		UC06.2_POST_/ufs-sberrating	1782721732411	1782721732651	OK	 
REQUEST		UC06.2_POST_/ufs-sberrating	1782721732414	1782721732677	OK	 
REQUEST		UC06.2_POST_/ufs-sberrating	1782721732462	1782721732724	OK	 
REQUEST		UC49_POST_/prepayment-check	1782721732635	1782721732724	OK	 
REQUEST		UC49_POST_/prepayment-check	1782721732646	1782721732744	OK	 
REQUEST		UC06.2_POST_/ufs-sberrating	1782721732557	1782721732784	OK	 
REQUEST		UC06.2_POST_/ufs-sberrating	1782721732588	1782721732808	OK	 
REQUEST		UC06.2_POST_/ufs-sberrating	1782721732603	1782721732817	OK	 
REQUEST		UC49_POST_/prepayment-check	1782721732785	1782721732877	OK	 
REQUEST		UC06.2_POST_/ufs-sberrating	1782721732653	1782721732889	OK	 
REQUEST		UC49_POST_/prepayment-check	1782721732878	1782721732962	OK	 
REQUEST		UC06.2_POST_/ufs-sberrating	1782721732725	1782721732970	OK	 
REQUEST		UC06.2_POST_/ufs-sberrating	1782721732746	1782721732974	OK	 
REQUEST		UC06.2_POST_/ufs-sberrating	1782721732725	1782721732975	OK	 
REQUEST		UC06.2_POST_/ufs-sberrating	1782721732678	1782721733004	OK	 
REQUEST		UC06.2_POST_/ufs-sberrating	1782721732809	1782721733034	OK	 
REQUEST		UC06.2_POST_/ufs-sberrating	1782721732818	1782721733055	OK	 
USER	EfsSberrating	START	1782721733061
REQUEST		UC49_POST_/prepayment-check	1782721732976	1782721733072	OK	 
REQUEST		UC06.2_POST_/ufs-sberrating	1782721732890	1782721733117	OK	 
REQUEST		UC49_POST_/prepayment-check	1782721733057	1782721733141	OK	 
REQUEST		UC06.2_POST_/ufs-sberrating	1782721732971	1782721733200	OK	 
REQUEST		UC06.2_POST_/ufs-sberrating	1782721732964	1782721733201	OK	 
REQUEST		UC49_POST_/prepayment-check	1782721733118	1782721733208	OK	 
REQUEST		UC06.2_POST_/ufs-sberrating	1782721732975	1782721733224	OK	 
REQUEST		UC49_POST_/prepayment-check	1782721733143	1782721733230	OK	 
REQUEST	LoginWeb	first_login	1782721733090	1782721733267	OK	 
REQUEST		UC06.2_POST_/ufs-sberrating	1782721733006	1782721733277	OK	 
REQUEST		UC06.2_POST_/ufs-sberrating	1782721733035	1782721733285	OK	 
REQUEST		UC49_POST_/prepayment-check	1782721733201	1782721733290	OK	 
REQUEST		UC49_POST_/prepayment-check	1782721733231	1782721733310	OK	 
REQUEST		UC06.2_POST_/ufs-sberrating	1782721733100	1782721733346	OK	 
REQUEST		UC49_POST_/prepayment-check	1782721733292	1782721733375	OK	 
REQUEST	LoginWeb	settingsLogin	1782721733268	1782721733416	OK	 